{
  "version": "1.5.0",
  "plugins_used": [
    {
      "name": "ArtifactoryDetector"
    },
    {
      "name": "AWSKeyDetector"
    },
    {
      "name": "AzureStorageKeyDetector"
    },
    {
      "name": "Base64HighEntropyString",
      "limit": 4.5
    },
    {
      "name": "BasicAuthDetector"
    },
    {
      "name": "CloudantDetector"
    },
    {
      "name": "DiscordBotTokenDetector"
    },
    {
      "name": "GitHubTokenDetector"
    },
    {
      "name": "GitLabTokenDetector"
    },
    {
      "name": "HexHighEntropyString",
      "limit": 3.0
    },
    {
      "name": "IbmCloudIamDetector"
    },
    {
      "name": "IbmCosHmacDetector"
    },
    {
      "name": "IPPublicDetector"
    },
    {
      "name": "JwtTokenDetector"
    },
    {
      "name": "KeywordDetector",
      "keyword_exclude": ""
    },
    {
      "name": "MailchimpDetector"
    },
    {
      "name": "NpmDetector"
    },
    {
      "name": "OpenAIDetector"
    },
    {
      "name": "PrivateKeyDetector"
    },
    {
      "name": "PypiTokenDetector"
    },
    {
      "name": "SendGridDetector"
    },
    {
      "name": "SlackDetector"
    },
    {
      "name": "SoftlayerDetector"
    },
    {
      "name": "SquareOAuthDetector"
    },
    {
      "name": "StripeDetector"
    },
    {
      "name": "TelegramBotTokenDetector"
    },
    {
      "name": "TwilioKeyDetector"
    }
  ],
  "filters_used": [
    {
      "path": "detect_secrets.filters.allowlist.is_line_allowlisted"
    },
    {
      "path": "detect_secrets.filters.common.is_baseline_file",
      "filename": ".secrets.baseline"
    },
    {
      "path": "detect_secrets.filters.common.is_ignored_due_to_verification_policies",
      "min_level": 2
    },
    {
      "path": "detect_secrets.filters.heuristic.is_indirect_reference"
    },
    {
      "path": "detect_secrets.filters.heuristic.is_likely_id_string"
    },
    {
      "path": "detect_secrets.filters.heuristic.is_lock_file"
    },
    {
      "path": "detect_secrets.filters.heuristic.is_not_alphanumeric_string"
    },
    {
      "path": "detect_secrets.filters.heuristic.is_potential_uuid"
    },
    {
      "path": "detect_secrets.filters.heuristic.is_prefixed_with_dollar_sign"
    },
    {
      "path": "detect_secrets.filters.heuristic.is_sequential_string"
    },
    {
      "path": "detect_secrets.filters.heuristic.is_swagger_file"
    },
    {
      "path": "detect_secrets.filters.heuristic.is_templated_secret"
    }
  ],
  "results": {
    ".circleci/config.yml": [
      {
        "type": "Secret Keyword",
        "filename": ".circleci/config.yml",
        "hashed_secret": "018183b20b2b5e42ac0d091673a80649b82806ec",
        "is_verified": false,
        "line_number": 243
      },
      {
        "type": "Secret Keyword",
        "filename": ".circleci/config.yml",
        "hashed_secret": "52082289c0ef9c9bdc7a1997f7adbc3a50833345",
        "is_verified": false,
        "line_number": 244
      }
    ],
    ".env_sample": [
      {
        "type": "Secret Keyword",
        "filename": ".env_sample",
        "hashed_secret": "a6ac0a3aadddc015f76edc2d712350c287f473ae",
        "is_verified": false,
        "line_number": 21
      },
      {
        "type": "Private Key",
        "filename": ".env_sample",
        "hashed_secret": "1348b145fa1a555461c1b790a2f66614781091e9",
        "is_verified": false,
        "line_number": 47
      },
      {
        "type": "Secret Keyword",
        "filename": ".env_sample",
        "hashed_secret": "e6ddb35d79dad20907f2fbcf887bb7bd43a39b14",
        "is_verified": false,
        "line_number": 49
      }
    ],
    ".github/workflows/fly-review.yml": [
      {
        "type": "Secret Keyword",
        "filename": ".github/workflows/fly-review.yml",
        "hashed_secret": "de68d863aa789392357eec3a4d3430595cb117a7",
        "is_verified": false,
        "line_number": 164
      }
    ],
    "README.md": [
      {
        "type": "Private Key",
        "filename": "README.md",
        "hashed_secret": "1348b145fa1a555461c1b790a2f66614781091e9",
        "is_verified": false,
        "line_number": 409
      }
    ],
    "android/app/google-services.json": [
      {
        "type": "Base64 High Entropy String",
        "filename": "android/app/google-services.json",
        "hashed_secret": "42493f49c8ddbab6df3a8cb9354fd32384257536",
        "is_verified": false,
        "line_number": 18
      }
    ],
    "article-data.json": [
      {
        "type": "Hex High Entropy String",
        "filename": "article-data.json",
        "hashed_secret": "f19bdb5438be062b82e26b1825de9f0603ed102f",
        "is_verified": false,
        "line_number": 35
      }
    ],
    "ios/App/App.xcodeproj/xcshareddata/xcschemes/App.xcscheme": [
      {
        "type": "Hex High Entropy String",
        "filename": "ios/App/App.xcodeproj/xcshareddata/xcschemes/App.xcscheme",
        "hashed_secret": "b21eb13dd478485983cdbcb4230d0417d00038fc",
        "is_verified": false,
        "line_number": 17
      },
      {
        "type": "Hex High Entropy String",
        "filename": "ios/App/App.xcodeproj/xcshareddata/xcschemes/App.xcscheme",
        "hashed_secret": "3b6323103113959123209ca43c3d87f509833058",
        "is_verified": false,
        "line_number": 37
      }
    ],
    "ios/App/App.xcodeproj/xcshareddata/xcschemes/AppAlpha.xcscheme": [
      {
        "type": "Hex High Entropy String",
        "filename": "ios/App/App.xcodeproj/xcshareddata/xcschemes/AppAlpha.xcscheme",
        "hashed_secret": "b21eb13dd478485983cdbcb4230d0417d00038fc",
        "is_verified": false,
        "line_number": 18
      },
      {
        "type": "Hex High Entropy String",
        "filename": "ios/App/App.xcodeproj/xcshareddata/xcschemes/AppAlpha.xcscheme",
        "hashed_secret": "f1033237c9bc096691b9286544d46855e080a636",
        "is_verified": false,
        "line_number": 32
      }
    ],
    "ios/App/App.xcodeproj/xcshareddata/xcschemes/AppLocal.xcscheme": [
      {
        "type": "Hex High Entropy String",
        "filename": "ios/App/App.xcodeproj/xcshareddata/xcschemes/AppLocal.xcscheme",
        "hashed_secret": "f5f2aa74fa00d5c40cb15a522d04cb0e9222d9af",
        "is_verified": false,
        "line_number": 18
      },
      {
        "type": "JSON Web Token",
        "filename": "ios/App/App.xcodeproj/xcshareddata/xcschemes/AppLocal.xcscheme",
        "hashed_secret": "57188a7da65fcf13ecdd3df3a343377ca64a8c59",
        "is_verified": false,
        "line_number": 66
      }
    ],
    "ios/App/App.xcodeproj/xcshareddata/xcschemes/ImageNotificationExtension.xcscheme": [
      {
        "type": "Hex High Entropy String",
        "filename": "ios/App/App.xcodeproj/xcshareddata/xcschemes/ImageNotificationExtension.xcscheme",
        "hashed_secret": "0431435e7a00d8f515c4dbb9d8e01078821175a9",
        "is_verified": false,
        "line_number": 18
      },
      {
        "type": "Hex High Entropy String",
        "filename": "ios/App/App.xcodeproj/xcshareddata/xcschemes/ImageNotificationExtension.xcscheme",
        "hashed_secret": "b21eb13dd478485983cdbcb4230d0417d00038fc",
        "is_verified": false,
        "line_number": 32
      },
      {
        "type": "Hex High Entropy String",
        "filename": "ios/App/App.xcodeproj/xcshareddata/xcschemes/ImageNotificationExtension.xcscheme",
        "hashed_secret": "3b6323103113959123209ca43c3d87f509833058",
        "is_verified": false,
        "line_number": 52
      }
    ],
    "ios/App/App.xcodeproj/xcshareddata/xcschemes/ImageNotificationExtensionLocal.xcscheme": [
      {
        "type": "Hex High Entropy String",
        "filename": "ios/App/App.xcodeproj/xcshareddata/xcschemes/ImageNotificationExtensionLocal.xcscheme",
        "hashed_secret": "65b74646dabb34a3e9b8a91e4a9e816eab2dc6ab",
        "is_verified": false,
        "line_number": 18
      },
      {
        "type": "Hex High Entropy String",
        "filename": "ios/App/App.xcodeproj/xcshareddata/xcschemes/ImageNotificationExtensionLocal.xcscheme",
        "hashed_secret": "f5f2aa74fa00d5c40cb15a522d04cb0e9222d9af",
        "is_verified": false,
        "line_number": 32
      }
    ],
    "server/api/shows.ts": [
      {
        "type": "Secret Keyword",
        "filename": "server/api/shows.ts",
        "hashed_secret": "6e91db97823cfd29a14efb21a227da24bb132504",
        "is_verified": false,
        "line_number": 35
      }
    ],
    "server/api/v2/shows.ts": [
      {
        "type": "Secret Keyword",
        "filename": "server/api/v2/shows.ts",
        "hashed_secret": "6e91db97823cfd29a14efb21a227da24bb132504",
        "is_verified": false,
        "line_number": 91
      }
    ],
    "server/api/v2/showsmenu.ts": [
      {
        "type": "Secret Keyword",
        "filename": "server/api/v2/showsmenu.ts",
        "hashed_secret": "05f83ca670237548cafe36640ad94a75cec839bd",
        "is_verified": false,
        "line_number": 16
      }
    ],
    "tests/firebase-config.spec.ts": [
      {
        "type": "Secret Keyword",
        "filename": "tests/firebase-config.spec.ts",
        "hashed_secret": "035e9ef43a787c725ea6e963abb79e632b8c05f9",
        "is_verified": false,
        "line_number": 12
      },
      {
        "type": "Secret Keyword",
        "filename": "tests/firebase-config.spec.ts",
        "hashed_secret": "2cad38fa298a6c52b05eddb9542a6a479fed826b",
        "is_verified": false,
        "line_number": 13
      },
      {
        "type": "Secret Keyword",
        "filename": "tests/firebase-config.spec.ts",
        "hashed_secret": "4638457629b78cde18565058f9f8f69392a425dd",
        "is_verified": false,
        "line_number": 14
      }
    ],
    "tests/server/discover-shows.compat.spec.ts": [
      {
        "type": "Secret Keyword",
        "filename": "tests/server/discover-shows.compat.spec.ts",
        "hashed_secret": "6e91db97823cfd29a14efb21a227da24bb132504",
        "is_verified": false,
        "line_number": 69
      },
      {
        "type": "Secret Keyword",
        "filename": "tests/server/discover-shows.compat.spec.ts",
        "hashed_secret": "f39f9ba8f9d1c53589fce534fcf3eaf761f30038",
        "is_verified": false,
        "line_number": 99
      }
    ]
  },
  "generated_at": "2026-06-15T19:52:29Z"
}
